[BEGIN GLOBALS]
g
[END GLOBALS]
[BEGIN a LOCALS]
b (formal)
c (formal)
tmp0 (tmp)
tmp1 (tmp)
tmp2 (tmp)
[END a LOCALS]
lbl_fun_a:  enter a
            getarg 1 [b]
            getarg 2 [c]
            [tmp0] := [b] EQ64 [c]
            IFZ [tmp0] GOTO lbl_1
            setret 0
            goto lbl_0
            goto lbl_2
lbl_1:      nop
            [tmp1] := [b] SUB64 1
            [tmp2] := [tmp1] SUB64 [c]
            [b] := [tmp2]
lbl_2:      nop
            setret [b]
            goto lbl_0
lbl_0:      leave a